install completed in 0s 33ms
> hvigor Finished :entry:clean... after 1 ms 
> hvigor Finished :entry:default@CangjiePreBuild... after 51 ms 
> hvigor Disabled :entry:default@PreBuild... 
> hvigor Finished :entry:default@GenerateCangjieResource... after 2 ms 
> hvigor Finished :entry:default@GenerateTomlDependencies... after 4 ms 
> hvigor Finished :entry:SyncCangjieResource... after 1 ms 
> hvigor BUILD SUCCESSFUL in 914 ms 
> hvigor UP-TO-DATE :entry:default@CangjiePreBuild...  
> hvigor Disabled :entry:default@PreBuild... 
> hvigor Finished :entry:default@CreateModuleInfo... after 1 ms 
> hvigor Finished :entry:default@GenerateMetadata... after 2 ms 
> hvigor Finished :entry:default@ConfigureCmake... after 1 ms 
> hvigor Finished :entry:default@MergeProfile... after 2 ms 
> hvigor Finished :entry:default@CreateBuildProfile... after 1 ms 
> hvigor Finished :entry:default@PreCheckSyscap... after 1 ms 
> hvigor Finished :entry:default@GeneratePkgContextInfo... after 5 ms 
> hvigor Finished :entry:default@GeneratePkgSdkInfo... after 1 ms 
> hvigor Finished :entry:default@ProcessIntegratedHsp... after 1 ms 
> hvigor UP-TO-DATE :entry:default@GenerateCangjieResource...  
> hvigor Finished :entry:default@BuildNativeWithCmake... after 1 ms 
> hvigor Finished :entry:default@MakePackInfo... after 1 ms 
> hvigor Finished :entry:default@SyscapTransform... after 1 ms 
> hvigor Finished :entry:default@ProcessProfile... after 51 ms 
> hvigor Finished :entry:default@ProcessRouterMap... after 1 ms 
> hvigor Finished :entry:default@ProcessShareConfig... after 1 ms 
> hvigor Finished :entry:default@ProcessStartupConfig... after 1 ms 
> hvigor Finished :entry:default@BuildNativeWithNinja... after 1 ms 
> hvigor Finished :entry:default@ProcessResource... after 1 ms 
> hvigor Finished :entry:default@GenerateLoaderJson... after 2 ms 
> hvigor Finished :entry:default@CompileResource... after 129 ms 
> hvigor Finished :entry:default@CompileArkTS... after 2 ms 
> hvigor Finished :entry:default@BuildJS... after 1 ms 
> hvigor WARN: Warning: field 'profile.build.combined' in './cjpm.toml' is experimental, it is unstable and has some limitations, please refer to related documentation for more details
> hvigor Finished :entry:default@CompileCangjie... after 35 s 997 ms 
> hvigor Finished :entry:default@ProcessLibs... after 10 ms 
> hvigor Finished :entry:default@MoveCangjieLibs... after 6 ms 
> hvigor Finished :entry:default@ProcessCangjieLibs... after 1 ms 
> hvigor Finished :entry:default@DoNativeStrip... after 72 ms 
> hvigor Finished :entry:default@AfterCompileCangjie... after 1 ms 
> hvigor Finished :entry:default@CacheNativeLibs... after 5 ms 
> hvigor Finished :entry:default@GeneratePkgModuleJson... after 2 ms 
> hvigor Finished :entry:default@ProcessCompiledResources... after 1 ms 
> hvigor Finished :entry:default@PackageHap... after 300 ms 
> hvigor Finished :entry:default@PackingCheck... after 2 ms 
> hvigor WARN: Will skip sign 'hos_hap'. No signingConfigs profile is configured in current project.
             If needed, configure the signingConfigs in /Users/niu/huawei/Project1/traintime_pda_ohos/xdyou/xdyou_cangjie/build-profile.json5.
> hvigor Finished :entry:default@SignHap... after 1 ms 
> hvigor Finished :entry:default@CollectDebugSymbol... after 1 ms 
> hvigor Finished :entry:assembleHap... after 1 ms 
> hvigor BUILD SUCCESSFUL in 37 s 636 ms 
